   text	   data	    bss	    dec	    hex	filename
 0x5380	 0x15fc	  0x24c	  27592	   6bc8	/home/cribace/gap_sdk/Matmul_gap8_cluster/BUILD/GAP8_V3/GCC_RISCV_PULPOS/test
/home/cribace/gap_sdk/Matmul_gap8_cluster/BUILD/GAP8_V3/GCC_RISCV_PULPOS/test:1b000bb8 00000001 D camera_isAwaked	/home/cribace/gap_sdk/gap8/rtos/pulp/pulp-os/drivers_deprecated/camera/himax.c:150
/home/cribace/gap_sdk/Matmul_gap8_cluster/BUILD/GAP8_V3/GCC_RISCV_PULPOS/test:00000338 00000001 D __rt_hyper_pending_emu_do_memcpy	/home/cribace/gap_sdk/gap8/rtos/pulp/pulp-os/drivers/hyper/hyperram-v1.c:53
/home/cribace/gap_sdk/Matmul_gap8_cluster/BUILD/GAP8_V3/GCC_RISCV_PULPOS/test:1c001840 00000002 W illegal_insn_handler_c	/home/cribace/gap_sdk/gap8/rtos/pulp/pulp-os/kernel/irq.c:89
/home/cribace/gap_sdk/Matmul_gap8_cluster/BUILD/GAP8_V3/GCC_RISCV_PULPOS/test:1c002b3c 00000002 T __rt_fll_deinit	/home/cribace/gap_sdk/gap8/rtos/pulp/pulp-os/kernel/gap/pmu_driver.c:876
/home/cribace/gap_sdk/Matmul_gap8_cluster/BUILD/GAP8_V3/GCC_RISCV_PULPOS/test:1c002b3e 00000002 T __rt_flls_constructor	/home/cribace/gap_sdk/gap8/rtos/pulp/pulp-os/kernel/gap/pmu_driver.c:880
/home/cribace/gap_sdk/Matmul_gap8_cluster/BUILD/GAP8_V3/GCC_RISCV_PULPOS/test:1c003526 00000002 T __rt_hyper_resume_copy	/home/cribace/gap_sdk/gap8/rtos/pulp/pulp-os/drivers/hyper/hyperram-v1.c:988
/home/cribace/gap_sdk/Matmul_gap8_cluster/BUILD/GAP8_V3/GCC_RISCV_PULPOS/test:1c005504 00000003 d ToHWDCDC_Pos	/home/cribace/gap_sdk/gap8/rtos/pulp/pulp-os/kernel/gap/pmu_driver.c:192
/home/cribace/gap_sdk/Matmul_gap8_cluster/BUILD/GAP8_V3/GCC_RISCV_PULPOS/test:1c004e54 00000004 t ctor_list	/home/cribace/gap_sdk/gap8/rtos/pulp/pulp-os/kernel/init.c:29
/home/cribace/gap_sdk/Matmul_gap8_cluster/BUILD/GAP8_V3/GCC_RISCV_PULPOS/test:1c004e90 00000004 t dtor_list	/home/cribace/gap_sdk/gap8/rtos/pulp/pulp-os/kernel/init.c:30
/home/cribace/gap_sdk/Matmul_gap8_cluster/BUILD/GAP8_V3/GCC_RISCV_PULPOS/test:1c0057a8 00000004 B first_delayed
/home/cribace/gap_sdk/Matmul_gap8_cluster/BUILD/GAP8_V3/GCC_RISCV_PULPOS/test:1c0054e4 00000004 D matA
/home/cribace/gap_sdk/Matmul_gap8_cluster/BUILD/GAP8_V3/GCC_RISCV_PULPOS/test:1c0054e0 00000004 D matB
/home/cribace/gap_sdk/Matmul_gap8_cluster/BUILD/GAP8_V3/GCC_RISCV_PULPOS/test:1c0054e8 00000004 D matC
/home/cribace/gap_sdk/Matmul_gap8_cluster/BUILD/GAP8_V3/GCC_RISCV_PULPOS/test:1c00209c 00000004 T pi_cl_l1_malloc	/home/cribace/gap_sdk/gap8/rtos/pulp/pulp-os/kernel/alloc.c:582
/home/cribace/gap_sdk/Matmul_gap8_cluster/BUILD/GAP8_V3/GCC_RISCV_PULPOS/test:1c005778 00000004 b __pi_hyper_cluster_reqs_first	/home/cribace/gap_sdk/gap8/rtos/pulp/pulp-os/drivers/hyper/hyperram-v1.c:62
/home/cribace/gap_sdk/Matmul_gap8_cluster/BUILD/GAP8_V3/GCC_RISCV_PULPOS/test:1c0017f0 00000004 T pi_open_from_conf	/home/cribace/gap_sdk/gap8/rtos/pulp/pulp-os/kernel/init.c:325
/home/cribace/gap_sdk/Matmul_gap8_cluster/BUILD/GAP8_V3/GCC_RISCV_PULPOS/test:1c005508 00000004 D PMURetentionState
/home/cribace/gap_sdk/Matmul_gap8_cluster/BUILD/GAP8_V3/GCC_RISCV_PULPOS/test:00000354 00000004 D pwmEventsStatus	/home/cribace/gap_sdk/gap8/rtos/pulp/pulp-os/drivers/pwm/pwm.c:9
/home/cribace/gap_sdk/Matmul_gap8_cluster/BUILD/GAP8_V3/GCC_RISCV_PULPOS/test:1c005514 00000004 d RetPMUStateToPMUState	/home/cribace/gap_sdk/gap8/rtos/pulp/pulp-os/kernel/gap/pmu_driver.c:185
/home/cribace/gap_sdk/Matmul_gap8_cluster/BUILD/GAP8_V3/GCC_RISCV_PULPOS/test:1c0057a4 00000004 B __rt_alloc_fc_tcdm
/home/cribace/gap_sdk/Matmul_gap8_cluster/BUILD/GAP8_V3/GCC_RISCV_PULPOS/test:1c00579c 00000004 B __rt_alloc_l1
/home/cribace/gap_sdk/Matmul_gap8_cluster/BUILD/GAP8_V3/GCC_RISCV_PULPOS/test:1c0057a0 00000004 B __rt_alloc_l2
/home/cribace/gap_sdk/Matmul_gap8_cluster/BUILD/GAP8_V3/GCC_RISCV_PULPOS/test:00000014 00000004 d __rt_bridge_eeprom_handle	/home/cribace/gap_sdk/gap8/rtos/pulp/pulp-os/kernel/bridge.c:25
/home/cribace/gap_sdk/Matmul_gap8_cluster/BUILD/GAP8_V3/GCC_RISCV_PULPOS/test:00000010 00000004 d __rt_bridge_flash_cs	/home/cribace/gap_sdk/gap8/rtos/pulp/pulp-os/kernel/bridge.c:29
/home/cribace/gap_sdk/Matmul_gap8_cluster/BUILD/GAP8_V3/GCC_RISCV_PULPOS/test:00000004 00000004 d __rt_bridge_flash_handle	/home/cribace/gap_sdk/gap8/rtos/pulp/pulp-os/kernel/bridge.c:26
/home/cribace/gap_sdk/Matmul_gap8_cluster/BUILD/GAP8_V3/GCC_RISCV_PULPOS/test:0000000c 00000004 d __rt_bridge_flash_itf	/home/cribace/gap_sdk/gap8/rtos/pulp/pulp-os/kernel/bridge.c:28
/home/cribace/gap_sdk/Matmul_gap8_cluster/BUILD/GAP8_V3/GCC_RISCV_PULPOS/test:00000008 00000004 d __rt_bridge_flash_type	/home/cribace/gap_sdk/gap8/rtos/pulp/pulp-os/kernel/bridge.c:27
/home/cribace/gap_sdk/Matmul_gap8_cluster/BUILD/GAP8_V3/GCC_RISCV_PULPOS/test:00000390 00000004 D __rtc_handler	/home/cribace/gap_sdk/gap8/rtos/pulp/pulp-os/drivers_deprecated/dolphin/rtc.c:25
/home/cribace/gap_sdk/Matmul_gap8_cluster/BUILD/GAP8_V3/GCC_RISCV_PULPOS/test:1000001c 00000004 D __rt_cluster_fc_task_lock	/home/cribace/gap_sdk/gap8/rtos/pulp/pulp-os/kernel/cluster.c:59
/home/cribace/gap_sdk/Matmul_gap8_cluster/BUILD/GAP8_V3/GCC_RISCV_PULPOS/test:00000018 00000004 D __rt_cluster_nb_active_pe
/home/cribace/gap_sdk/Matmul_gap8_cluster/BUILD/GAP8_V3/GCC_RISCV_PULPOS/test:1c0057b8 00000004 B __rt_cluster_tasks	/home/cribace/gap_sdk/gap8/rtos/pulp/pulp-os/kernel/cluster.c:41
/home/cribace/gap_sdk/Matmul_gap8_cluster/BUILD/GAP8_V3/GCC_RISCV_PULPOS/test:1b000b9c 00000004 D __rt_debug_config
/home/cribace/gap_sdk/Matmul_gap8_cluster/BUILD/GAP8_V3/GCC_RISCV_PULPOS/test:1b000b98 00000004 D __rt_debug_config_trace
/home/cribace/gap_sdk/Matmul_gap8_cluster/BUILD/GAP8_V3/GCC_RISCV_PULPOS/test:00000014 00000004 D __rt_dma_first_pending
/home/cribace/gap_sdk/Matmul_gap8_cluster/BUILD/GAP8_V3/GCC_RISCV_PULPOS/test:00000010 00000004 D __rt_dma_last_pending
/home/cribace/gap_sdk/Matmul_gap8_cluster/BUILD/GAP8_V3/GCC_RISCV_PULPOS/test:1c005774 00000004 b __rt_fc_cluster_device	/home/cribace/gap_sdk/gap8/rtos/pulp/pulp-os/kernel/pulpos_emu.c:25
/home/cribace/gap_sdk/Matmul_gap8_cluster/BUILD/GAP8_V3/GCC_RISCV_PULPOS/test:1c0054d0 00000004 V __rt_fc_stack_size
/home/cribace/gap_sdk/Matmul_gap8_cluster/BUILD/GAP8_V3/GCC_RISCV_PULPOS/test:00000018 00000004 D __rt_first_free
/home/cribace/gap_sdk/Matmul_gap8_cluster/BUILD/GAP8_V3/GCC_RISCV_PULPOS/test:1c002b40 00000004 T __rt_fll_set_freq	/home/cribace/gap_sdk/gap8/rtos/pulp/pulp-os/kernel/gap/pmu_driver.c:884
/home/cribace/gap_sdk/Matmul_gap8_cluster/BUILD/GAP8_V3/GCC_RISCV_PULPOS/test:00000324 00000004 D __rt_hyper_current_task	/home/cribace/gap_sdk/gap8/rtos/pulp/pulp-os/drivers/hyper/hyperram-v1.c:27
/home/cribace/gap_sdk/Matmul_gap8_cluster/BUILD/GAP8_V3/GCC_RISCV_PULPOS/test:00000320 00000004 D __rt_hyper_end_task	/home/cribace/gap_sdk/gap8/rtos/pulp/pulp-os/drivers/hyper/hyperram-v1.c:25
/home/cribace/gap_sdk/Matmul_gap8_cluster/BUILD/GAP8_V3/GCC_RISCV_PULPOS/test:1c00577c 00000004 b __rt_hyper_open_count	/home/cribace/gap_sdk/gap8/rtos/pulp/pulp-os/drivers/hyper/hyperram-v1.c:65
/home/cribace/gap_sdk/Matmul_gap8_cluster/BUILD/GAP8_V3/GCC_RISCV_PULPOS/test:00000314 00000004 D __rt_hyper_pending_addr	/home/cribace/gap_sdk/gap8/rtos/pulp/pulp-os/drivers/hyper/hyperram-v1.c:33
/home/cribace/gap_sdk/Matmul_gap8_cluster/BUILD/GAP8_V3/GCC_RISCV_PULPOS/test:0000030c 00000004 D __rt_hyper_pending_base	/home/cribace/gap_sdk/gap8/rtos/pulp/pulp-os/drivers/hyper/hyperram-v1.c:31
/home/cribace/gap_sdk/Matmul_gap8_cluster/BUILD/GAP8_V3/GCC_RISCV_PULPOS/test:00000330 00000004 D __rt_hyper_pending_emu_addr	/home/cribace/gap_sdk/gap8/rtos/pulp/pulp-os/drivers/hyper/hyperram-v1.c:48
/home/cribace/gap_sdk/Matmul_gap8_cluster/BUILD/GAP8_V3/GCC_RISCV_PULPOS/test:00000328 00000004 D __rt_hyper_pending_emu_channel	/home/cribace/gap_sdk/gap8/rtos/pulp/pulp-os/drivers/hyper/hyperram-v1.c:46
/home/cribace/gap_sdk/Matmul_gap8_cluster/BUILD/GAP8_V3/GCC_RISCV_PULPOS/test:0000032c 00000004 D __rt_hyper_pending_emu_hyper_addr	/home/cribace/gap_sdk/gap8/rtos/pulp/pulp-os/drivers/hyper/hyperram-v1.c:47
/home/cribace/gap_sdk/Matmul_gap8_cluster/BUILD/GAP8_V3/GCC_RISCV_PULPOS/test:0000034c 00000004 D __rt_hyper_pending_emu_length	/home/cribace/gap_sdk/gap8/rtos/pulp/pulp-os/drivers/hyper/hyperram-v1.c:51
/home/cribace/gap_sdk/Matmul_gap8_cluster/BUILD/GAP8_V3/GCC_RISCV_PULPOS/test:00000334 00000004 D __rt_hyper_pending_emu_size	/home/cribace/gap_sdk/gap8/rtos/pulp/pulp-os/drivers/hyper/hyperram-v1.c:49
/home/cribace/gap_sdk/Matmul_gap8_cluster/BUILD/GAP8_V3/GCC_RISCV_PULPOS/test:00000348 00000004 D __rt_hyper_pending_emu_size_2d	/home/cribace/gap_sdk/gap8/rtos/pulp/pulp-os/drivers/hyper/hyperram-v1.c:50
/home/cribace/gap_sdk/Matmul_gap8_cluster/BUILD/GAP8_V3/GCC_RISCV_PULPOS/test:00000350 00000004 D __rt_hyper_pending_emu_stride	/home/cribace/gap_sdk/gap8/rtos/pulp/pulp-os/drivers/hyper/hyperram-v1.c:52
/home/cribace/gap_sdk/Matmul_gap8_cluster/BUILD/GAP8_V3/GCC_RISCV_PULPOS/test:0000033c 00000004 D __rt_hyper_pending_emu_task	/home/cribace/gap_sdk/gap8/rtos/pulp/pulp-os/drivers/hyper/hyperram-v1.c:54
/home/cribace/gap_sdk/Matmul_gap8_cluster/BUILD/GAP8_V3/GCC_RISCV_PULPOS/test:00000310 00000004 D __rt_hyper_pending_hyper_addr	/home/cribace/gap_sdk/gap8/rtos/pulp/pulp-os/drivers/hyper/hyperram-v1.c:32
/home/cribace/gap_sdk/Matmul_gap8_cluster/BUILD/GAP8_V3/GCC_RISCV_PULPOS/test:00000318 00000004 D __rt_hyper_pending_repeat	/home/cribace/gap_sdk/gap8/rtos/pulp/pulp-os/drivers/hyper/hyperram-v1.c:34
/home/cribace/gap_sdk/Matmul_gap8_cluster/BUILD/GAP8_V3/GCC_RISCV_PULPOS/test:0000031c 00000004 D __rt_hyper_pending_repeat_size	/home/cribace/gap_sdk/gap8/rtos/pulp/pulp-os/drivers/hyper/hyperram-v1.c:35
/home/cribace/gap_sdk/Matmul_gap8_cluster/BUILD/GAP8_V3/GCC_RISCV_PULPOS/test:00000340 00000004 D __rt_hyper_pending_tasks	/home/cribace/gap_sdk/gap8/rtos/pulp/pulp-os/drivers/hyper/hyperram-v1.c:39
/home/cribace/gap_sdk/Matmul_gap8_cluster/BUILD/GAP8_V3/GCC_RISCV_PULPOS/test:00000344 00000004 D __rt_hyper_pending_tasks_last	/home/cribace/gap_sdk/gap8/rtos/pulp/pulp-os/drivers/hyper/hyperram-v1.c:40
/home/cribace/gap_sdk/Matmul_gap8_cluster/BUILD/GAP8_V3/GCC_RISCV_PULPOS/test:00000308 00000004 D __rt_hyper_udma_handle
/home/cribace/gap_sdk/Matmul_gap8_cluster/BUILD/GAP8_V3/GCC_RISCV_PULPOS/test:1c005780 00000004 b __rt_i2s_first	/home/cribace/gap_sdk/gap8/rtos/pulp/pulp-os/drivers_deprecated/i2s/i2s-v1.c:40
/home/cribace/gap_sdk/Matmul_gap8_cluster/BUILD/GAP8_V3/GCC_RISCV_PULPOS/test:1c0054d4 00000004 V __rt_iodev
/home/cribace/gap_sdk/Matmul_gap8_cluster/BUILD/GAP8_V3/GCC_RISCV_PULPOS/test:1c0054d8 00000004 V __rt_iodev_uart_baudrate
/home/cribace/gap_sdk/Matmul_gap8_cluster/BUILD/GAP8_V3/GCC_RISCV_PULPOS/test:1c00576c 00000004 V __rt_iodev_uart_channel
/home/cribace/gap_sdk/Matmul_gap8_cluster/BUILD/GAP8_V3/GCC_RISCV_PULPOS/test:1c00578c 00000004 b __rt_io_event_current	/home/cribace/gap_sdk/gap8/rtos/pulp/pulp-os/libs/io/io.c:40
/home/cribace/gap_sdk/Matmul_gap8_cluster/BUILD/GAP8_V3/GCC_RISCV_PULPOS/test:1c005790 00000004 b __rt_io_pending_flush	/home/cribace/gap_sdk/gap8/rtos/pulp/pulp-os/libs/io/io.c:50
/home/cribace/gap_sdk/Matmul_gap8_cluster/BUILD/GAP8_V3/GCC_RISCV_PULPOS/test:1c005798 00000004 b _rt_io_uart	/home/cribace/gap_sdk/gap8/rtos/pulp/pulp-os/libs/io/io.c:38
/home/cribace/gap_sdk/Matmul_gap8_cluster/BUILD/GAP8_V3/GCC_RISCV_PULPOS/test:1c0054dc 00000004 V __rt_platform
/home/cribace/gap_sdk/Matmul_gap8_cluster/BUILD/GAP8_V3/GCC_RISCV_PULPOS/test:1c005794 00000004 b __rt_putc_host_buffer_index	/home/cribace/gap_sdk/gap8/rtos/pulp/pulp-os/libs/io/io.c:48
/home/cribace/gap_sdk/Matmul_gap8_cluster/BUILD/GAP8_V3/GCC_RISCV_PULPOS/test:0000038c 00000004 D __rt_rtc_init_done	/home/cribace/gap_sdk/gap8/rtos/pulp/pulp-os/drivers_deprecated/dolphin/rtc.c:26
/home/cribace/gap_sdk/Matmul_gap8_cluster/BUILD/GAP8_V3/GCC_RISCV_PULPOS/test:1c0057b4 00000004 B __rt_wakeup_use_fast	/home/cribace/gap_sdk/gap8/rtos/pulp/pulp-os/kernel/gap/pmu_driver.c:173
/home/cribace/gap_sdk/Matmul_gap8_cluster/BUILD/GAP8_V3/GCC_RISCV_PULPOS/test:1c005770 00000004 b timer_count	/home/cribace/gap_sdk/gap8/rtos/pulp/pulp-os/kernel/time.c:23
/home/cribace/gap_sdk/Matmul_gap8_cluster/BUILD/GAP8_V3/GCC_RISCV_PULPOS/test:1c002d2e 00000006 T pi_cluster_conf_init	/home/cribace/gap_sdk/gap8/rtos/pulp/pulp-os/kernel/cluster.c:337
/home/cribace/gap_sdk/Matmul_gap8_cluster/BUILD/GAP8_V3/GCC_RISCV_PULPOS/test:1c003520 00000006 T __rt_hyper_resume_emu_task	/home/cribace/gap_sdk/gap8/rtos/pulp/pulp-os/drivers/hyper/hyperram-v1.c:980
/home/cribace/gap_sdk/Matmul_gap8_cluster/BUILD/GAP8_V3/GCC_RISCV_PULPOS/test:1c0027f0 00000006 T rt_voltage_force	/home/cribace/gap_sdk/gap8/rtos/pulp/pulp-os/kernel/gap/pmu_driver.c:405
/home/cribace/gap_sdk/Matmul_gap8_cluster/BUILD/GAP8_V3/GCC_RISCV_PULPOS/test:1c003d80 00000006 T semihost_exit	/home/cribace/gap_sdk/gap8/rtos/pulp/pulp-os/libs/io/semihost.c:51
/home/cribace/gap_sdk/Matmul_gap8_cluster/BUILD/GAP8_V3/GCC_RISCV_PULPOS/test:1c003d7a 00000006 T semihost_write0	/home/cribace/gap_sdk/gap8/rtos/pulp/pulp-os/libs/io/semihost.c:6
/home/cribace/gap_sdk/Matmul_gap8_cluster/BUILD/GAP8_V3/GCC_RISCV_PULPOS/test:1c0054ec 00000007 d SystemStateToSCUFastSeq	/home/cribace/gap_sdk/gap8/rtos/pulp/pulp-os/kernel/gap/pmu_driver.c:176
/home/cribace/gap_sdk/Matmul_gap8_cluster/BUILD/GAP8_V3/GCC_RISCV_PULPOS/test:1c003cf2 00000008 T abort	/home/cribace/gap_sdk/gap8/rtos/pulp/pulp-os/libs/io/io.c:739
/home/cribace/gap_sdk/Matmul_gap8_cluster/BUILD/GAP8_V3/GCC_RISCV_PULPOS/test:1c00550c 00000008 D FllsFrequency
/home/cribace/gap_sdk/Matmul_gap8_cluster/BUILD/GAP8_V3/GCC_RISCV_PULPOS/test:1c0057ac 00000008 B __rt_freq_domains
/home/cribace/gap_sdk/Matmul_gap8_cluster/BUILD/GAP8_V3/GCC_RISCV_PULPOS/test:000002b0 00000008 D __rt_socevents_status
/home/cribace/gap_sdk/Matmul_gap8_cluster/BUILD/GAP8_V3/GCC_RISCV_PULPOS/test:1c005784 00000008 b __rt_spim_open_count	/home/cribace/gap_sdk/gap8/rtos/pulp/pulp-os/drivers_deprecated/spim/spim-v2.c:26
/home/cribace/gap_sdk/Matmul_gap8_cluster/BUILD/GAP8_V3/GCC_RISCV_PULPOS/test:1c0036d6 0000000a T __rt_himax_init	/home/cribace/gap_sdk/gap8/rtos/pulp/pulp-os/drivers_deprecated/camera/himax.c:400
/home/cribace/gap_sdk/Matmul_gap8_cluster/BUILD/GAP8_V3/GCC_RISCV_PULPOS/test:1c003170 0000000a T __rt_padframe_init	/home/cribace/gap_sdk/gap8/rtos/pulp/pulp-os/drivers_deprecated/pads/pads-v1.c:58
/home/cribace/gap_sdk/Matmul_gap8_cluster/BUILD/GAP8_V3/GCC_RISCV_PULPOS/test:00000004 0000000c D __rt_cluster_pool
/home/cribace/gap_sdk/Matmul_gap8_cluster/BUILD/GAP8_V3/GCC_RISCV_PULPOS/test:1c003d6c 0000000e t __internal_semihost	/home/cribace/gap_sdk/gap8/rtos/pulp/pulp-os/libs/io/semihost.h:75
/home/cribace/gap_sdk/Matmul_gap8_cluster/BUILD/GAP8_V3/GCC_RISCV_PULPOS/test:1c003704 0000000e t __rt_io_end_of_flush	/home/cribace/gap_sdk/gap8/rtos/pulp/pulp-os/libs/io/io.c:366
/home/cribace/gap_sdk/Matmul_gap8_cluster/BUILD/GAP8_V3/GCC_RISCV_PULPOS/test:1c003aae 00000010 T memset	/home/cribace/gap_sdk/gap8/rtos/pulp/pulp-os/libs/io/io.c:150
/home/cribace/gap_sdk/Matmul_gap8_cluster/BUILD/GAP8_V3/GCC_RISCV_PULPOS/test:1c0054f4 00000010 D PMUState
/home/cribace/gap_sdk/Matmul_gap8_cluster/BUILD/GAP8_V3/GCC_RISCV_PULPOS/test:1b000bbc 00000010 d __rt_io_fc_lock	/home/cribace/gap_sdk/gap8/rtos/pulp/pulp-os/libs/io/io.c:35
/home/cribace/gap_sdk/Matmul_gap8_cluster/BUILD/GAP8_V3/GCC_RISCV_PULPOS/test:1c0053c8 00000010 V __rt_padframe_default	/home/cribace/gap_sdk/gap8/rtos/pulp/pulp-os/drivers_deprecated/pads/pads-v1.c:28
/home/cribace/gap_sdk/Matmul_gap8_cluster/BUILD/GAP8_V3/GCC_RISCV_PULPOS/test:1c0053d8 00000010 V __rt_padframe_hyper	/home/cribace/gap_sdk/gap8/rtos/pulp/pulp-os/drivers_deprecated/pads/pads-v1.c:30
/home/cribace/gap_sdk/Matmul_gap8_cluster/BUILD/GAP8_V3/GCC_RISCV_PULPOS/test:1c0053e8 00000010 V __rt_padframe_hyper_gpio	/home/cribace/gap_sdk/gap8/rtos/pulp/pulp-os/drivers_deprecated/pads/pads-v1.c:32
/home/cribace/gap_sdk/Matmul_gap8_cluster/BUILD/GAP8_V3/GCC_RISCV_PULPOS/test:1c00575c 00000010 b __rt_uart	/home/cribace/gap_sdk/gap8/rtos/pulp/pulp-os/drivers_deprecated/uart/uart.c:43
/home/cribace/gap_sdk/Matmul_gap8_cluster/BUILD/GAP8_V3/GCC_RISCV_PULPOS/test:1c004ace 00000010 T rt_uart_conf_init
/home/cribace/gap_sdk/Matmul_gap8_cluster/BUILD/GAP8_V3/GCC_RISCV_PULPOS/test:1c00162a 00000012 T main
/home/cribace/gap_sdk/Matmul_gap8_cluster/BUILD/GAP8_V3/GCC_RISCV_PULPOS/test:1c001ef4 00000012 T __rt_event_sched_init	/home/cribace/gap_sdk/gap8/rtos/pulp/pulp-os/kernel/events.c:264
/home/cribace/gap_sdk/Matmul_gap8_cluster/BUILD/GAP8_V3/GCC_RISCV_PULPOS/test:1c002b2a 00000012 T __rt_fll_init	/home/cribace/gap_sdk/gap8/rtos/pulp/pulp-os/kernel/gap/pmu_driver.c:871
/home/cribace/gap_sdk/Matmul_gap8_cluster/BUILD/GAP8_V3/GCC_RISCV_PULPOS/test:1c0036e0 00000012 T __rt_rtc_init	/home/cribace/gap_sdk/gap8/rtos/pulp/pulp-os/drivers_deprecated/dolphin/rtc.c:414
/home/cribace/gap_sdk/Matmul_gap8_cluster/BUILD/GAP8_V3/GCC_RISCV_PULPOS/test:1c0036f2 00000012 T __rt_spim_init	/home/cribace/gap_sdk/gap8/rtos/pulp/pulp-os/drivers_deprecated/spim/spim-v2.c:446
/home/cribace/gap_sdk/Matmul_gap8_cluster/BUILD/GAP8_V3/GCC_RISCV_PULPOS/test:1c00317a 00000014 t l2_memcpy	/home/cribace/gap_sdk/gap8/rtos/pulp/pulp-os/drivers/hyper/hyperram-v1.c:897
/home/cribace/gap_sdk/Matmul_gap8_cluster/BUILD/GAP8_V3/GCC_RISCV_PULPOS/test:0000001c 00000014 D __rt_sched
/home/cribace/gap_sdk/Matmul_gap8_cluster/BUILD/GAP8_V3/GCC_RISCV_PULPOS/test:1b000ba0 00000018 d cbsys_first	/home/cribace/gap_sdk/gap8/rtos/pulp/pulp-os/kernel/utils.c:30
/home/cribace/gap_sdk/Matmul_gap8_cluster/BUILD/GAP8_V3/GCC_RISCV_PULPOS/test:1c003c3e 00000018 T fputc_locked
/home/cribace/gap_sdk/Matmul_gap8_cluster/BUILD/GAP8_V3/GCC_RISCV_PULPOS/test:1c001edc 00000018 T rt_event_wait	/home/cribace/gap_sdk/gap8/rtos/pulp/pulp-os/kernel/events.c:257
/home/cribace/gap_sdk/Matmul_gap8_cluster/BUILD/GAP8_V3/GCC_RISCV_PULPOS/test:1c0053f8 00000018 V __rt_padframe_profiles
/home/cribace/gap_sdk/Matmul_gap8_cluster/BUILD/GAP8_V3/GCC_RISCV_PULPOS/test:1c0020a0 00000018 t __rt_time_poweroff	/home/cribace/gap_sdk/gap8/rtos/pulp/pulp-os/kernel/time.c:28
/home/cribace/gap_sdk/Matmul_gap8_cluster/BUILD/GAP8_V3/GCC_RISCV_PULPOS/test:1c0020b8 00000018 t __rt_time_poweron	/home/cribace/gap_sdk/gap8/rtos/pulp/pulp-os/kernel/time.c:37
/home/cribace/gap_sdk/Matmul_gap8_cluster/BUILD/GAP8_V3/GCC_RISCV_PULPOS/test:1c001d62 00000018 T __rt_wait_event_prepare_blocking	/home/cribace/gap_sdk/gap8/rtos/pulp/pulp-os/kernel/events.c:42
/home/cribace/gap_sdk/Matmul_gap8_cluster/BUILD/GAP8_V3/GCC_RISCV_PULPOS/test:1c001dee 0000001a T rt_event_get	/home/cribace/gap_sdk/gap8/rtos/pulp/pulp-os/kernel/events.c:105
/home/cribace/gap_sdk/Matmul_gap8_cluster/BUILD/GAP8_V3/GCC_RISCV_PULPOS/test:1c003abe 0000001a T strchr	/home/cribace/gap_sdk/gap8/rtos/pulp/pulp-os/libs/io/io.c:278
/home/cribace/gap_sdk/Matmul_gap8_cluster/BUILD/GAP8_V3/GCC_RISCV_PULPOS/test:1c001ac4 0000001c t __rt_event_enqueue	/home/cribace/gap_sdk/install/GAP8_V3/include/rt/rt_event.h:397
/home/cribace/gap_sdk/Matmul_gap8_cluster/BUILD/GAP8_V3/GCC_RISCV_PULPOS/test:1c001c40 0000001e T __rt_bridge_clear_notif	/home/cribace/gap_sdk/gap8/rtos/pulp/pulp-os/kernel/bridge.c:838
/home/cribace/gap_sdk/Matmul_gap8_cluster/BUILD/GAP8_V3/GCC_RISCV_PULPOS/test:1c001c02 0000001e T __rt_bridge_set_available	/home/cribace/gap_sdk/gap8/rtos/pulp/pulp-os/kernel/bridge.c:725
/home/cribace/gap_sdk/Matmul_gap8_cluster/BUILD/GAP8_V3/GCC_RISCV_PULPOS/test:1c00214a 0000001e T rt_time_wait_us	/home/cribace/gap_sdk/gap8/rtos/pulp/pulp-os/kernel/time.c:124
/home/cribace/gap_sdk/Matmul_gap8_cluster/BUILD/GAP8_V3/GCC_RISCV_PULPOS/test:1c003e42 00000020 t _rlrshift	/home/cribace/gap_sdk/gap8/rtos/pulp/pulp-os/libs/io/prf.c:122
/home/cribace/gap_sdk/Matmul_gap8_cluster/BUILD/GAP8_V3/GCC_RISCV_PULPOS/test:1c001ae0 00000020 t __rt_bridge_check_bridge_req.part.5	/home/cribace/gap_sdk/gap8/rtos/pulp/pulp-os/kernel/bridge.c:638
/home/cribace/gap_sdk/Matmul_gap8_cluster/BUILD/GAP8_V3/GCC_RISCV_PULPOS/test:1c001c20 00000020 T __rt_bridge_send_notif	/home/cribace/gap_sdk/gap8/rtos/pulp/pulp-os/kernel/bridge.c:821
/home/cribace/gap_sdk/Matmul_gap8_cluster/BUILD/GAP8_V3/GCC_RISCV_PULPOS/test:1c0037fc 00000020 t rt_event_execute.isra.4.constprop.12	/home/cribace/gap_sdk/gap8/rtos/pulp/pulp-os/libs/io/io.c:795
/home/cribace/gap_sdk/Matmul_gap8_cluster/BUILD/GAP8_V3/GCC_RISCV_PULPOS/test:1c0049da 00000020 t __rt_uart_setfreq_after	/home/cribace/gap_sdk/gap8/rtos/pulp/pulp-os/drivers_deprecated/uart/uart.c:135
/home/cribace/gap_sdk/Matmul_gap8_cluster/BUILD/GAP8_V3/GCC_RISCV_PULPOS/test:1c001f06 00000020 T rt_user_alloc_init	/home/cribace/gap_sdk/gap8/rtos/pulp/pulp-os/kernel/alloc.c:193
/home/cribace/gap_sdk/Matmul_gap8_cluster/BUILD/GAP8_V3/GCC_RISCV_PULPOS/test:1c001fe8 00000022 T __rt_alloc_init_l1	/home/cribace/gap_sdk/gap8/rtos/pulp/pulp-os/kernel/alloc.c:445
/home/cribace/gap_sdk/Matmul_gap8_cluster/BUILD/GAP8_V3/GCC_RISCV_PULPOS/test:1c001e08 00000022 T rt_event_get_blocking	/home/cribace/gap_sdk/gap8/rtos/pulp/pulp-os/kernel/events.c:127
/home/cribace/gap_sdk/Matmul_gap8_cluster/BUILD/GAP8_V3/GCC_RISCV_PULPOS/test:1c0019ce 00000022 T __rt_utils_init	/home/cribace/gap_sdk/gap8/rtos/pulp/pulp-os/kernel/utils.c:84
/home/cribace/gap_sdk/Matmul_gap8_cluster/BUILD/GAP8_V3/GCC_RISCV_PULPOS/test:1c00318e 00000024 t rt_event_enqueue	/home/cribace/gap_sdk/install/GAP8_V3/include/rt/rt_event.h:411
/home/cribace/gap_sdk/Matmul_gap8_cluster/BUILD/GAP8_V3/GCC_RISCV_PULPOS/test:1c001e2a 00000024 T rt_event_push	/home/cribace/gap_sdk/gap8/rtos/pulp/pulp-os/kernel/events.c:139
/home/cribace/gap_sdk/Matmul_gap8_cluster/BUILD/GAP8_V3/GCC_RISCV_PULPOS/test:1c0049b6 00000024 t __rt_uart_setup.isra.5	/home/cribace/gap_sdk/gap8/rtos/pulp/pulp-os/drivers_deprecated/uart/uart.c:222
/home/cribace/gap_sdk/Matmul_gap8_cluster/BUILD/GAP8_V3/GCC_RISCV_PULPOS/test:1c00163c 00000026 t cluster_start	/home/cribace/gap_sdk/gap8/rtos/pulp/pulp-os/kernel/init.c:198
/home/cribace/gap_sdk/Matmul_gap8_cluster/BUILD/GAP8_V3/GCC_RISCV_PULPOS/test:1c003a88 00000026 t __rt_io_stop	/home/cribace/gap_sdk/gap8/rtos/pulp/pulp-os/libs/io/io.c:769
/home/cribace/gap_sdk/Matmul_gap8_cluster/BUILD/GAP8_V3/GCC_RISCV_PULPOS/test:1c004990 00000026 T __rt_uart_cluster_req_done	/home/cribace/gap_sdk/gap8/rtos/pulp/pulp-os/drivers_deprecated/uart/uart.c:253
/home/cribace/gap_sdk/Matmul_gap8_cluster/BUILD/GAP8_V3/GCC_RISCV_PULPOS/test:1c002640 00000026 t soc_eu_fcEventMask_setEvent	/home/cribace/gap_sdk/install/GAP8_V3/include/hal/soc_eu/soc_eu_v1.h:60
/home/cribace/gap_sdk/Matmul_gap8_cluster/BUILD/GAP8_V3/GCC_RISCV_PULPOS/test:1c004aa8 00000026 t soc_eu_fcEventMask_setEvent	/home/cribace/gap_sdk/install/GAP8_V3/include/hal/soc_eu/soc_eu_v1.h:60
/home/cribace/gap_sdk/Matmul_gap8_cluster/BUILD/GAP8_V3/GCC_RISCV_PULPOS/test:1c003c56 00000028 T _prf_locked	/home/cribace/gap_sdk/gap8/rtos/pulp/pulp-os/libs/io/io.c:626
/home/cribace/gap_sdk/Matmul_gap8_cluster/BUILD/GAP8_V3/GCC_RISCV_PULPOS/test:1c003c16 00000028 T puts	/home/cribace/gap_sdk/gap8/rtos/pulp/pulp-os/libs/io/io.c:576
/home/cribace/gap_sdk/Matmul_gap8_cluster/BUILD/GAP8_V3/GCC_RISCV_PULPOS/test:1c00200a 00000028 T __rt_alloc_init_l1_for_fc	/home/cribace/gap_sdk/gap8/rtos/pulp/pulp-os/kernel/alloc.c:452
/home/cribace/gap_sdk/Matmul_gap8_cluster/BUILD/GAP8_V3/GCC_RISCV_PULPOS/test:1c0017c8 00000028 T __rt_deinit	/home/cribace/gap_sdk/gap8/rtos/pulp/pulp-os/kernel/init.c:163
/home/cribace/gap_sdk/Matmul_gap8_cluster/BUILD/GAP8_V3/GCC_RISCV_PULPOS/test:1c001d3a 00000028 T __rt_event_init	/home/cribace/gap_sdk/gap8/rtos/pulp/pulp-os/kernel/events.c:32
/home/cribace/gap_sdk/Matmul_gap8_cluster/BUILD/GAP8_V3/GCC_RISCV_PULPOS/test:1c0057bc 00000028 B __rt_fc_cluster_data
/home/cribace/gap_sdk/Matmul_gap8_cluster/BUILD/GAP8_V3/GCC_RISCV_PULPOS/test:1c003632 00000028 t __rt_i2s_setfreq_after	/home/cribace/gap_sdk/gap8/rtos/pulp/pulp-os/drivers_deprecated/i2s/i2s-v1.c:235
/home/cribace/gap_sdk/Matmul_gap8_cluster/BUILD/GAP8_V3/GCC_RISCV_PULPOS/test:1c003148 00000028 T rt_padframe_set	/home/cribace/gap_sdk/gap8/rtos/pulp/pulp-os/drivers_deprecated/pads/pads-v1.c:77
/home/cribace/gap_sdk/Matmul_gap8_cluster/BUILD/GAP8_V3/GCC_RISCV_PULPOS/test:000002b8 00000028 D __rt_udma_extra_callback
/home/cribace/gap_sdk/Matmul_gap8_cluster/BUILD/GAP8_V3/GCC_RISCV_PULPOS/test:000002e0 00000028 D __rt_udma_extra_callback_arg
/home/cribace/gap_sdk/Matmul_gap8_cluster/BUILD/GAP8_V3/GCC_RISCV_PULPOS/test:1c003d86 0000002a T printf	/home/cribace/gap_sdk/gap8/rtos/pulp/pulp-os/libs/io/fprintf.c:41
/home/cribace/gap_sdk/Matmul_gap8_cluster/BUILD/GAP8_V3/GCC_RISCV_PULPOS/test:1c004a3c 0000002a t __rt_uart_setfreq_before	/home/cribace/gap_sdk/gap8/rtos/pulp/pulp-os/drivers_deprecated/uart/uart.c:102
/home/cribace/gap_sdk/Matmul_gap8_cluster/BUILD/GAP8_V3/GCC_RISCV_PULPOS/test:1c001eb2 0000002a T __rt_wait_event	/home/cribace/gap_sdk/gap8/rtos/pulp/pulp-os/kernel/events.c:247
/home/cribace/gap_sdk/Matmul_gap8_cluster/BUILD/GAP8_V3/GCC_RISCV_PULPOS/test:1c00365a 0000002c t __rt_i2s_setfreq_before	/home/cribace/gap_sdk/gap8/rtos/pulp/pulp-os/drivers_deprecated/i2s/i2s-v1.c:219
/home/cribace/gap_sdk/Matmul_gap8_cluster/BUILD/GAP8_V3/GCC_RISCV_PULPOS/test:1c005598 0000002c b __rt_pulpos_emu_global_cluster_task	/home/cribace/gap_sdk/gap8/rtos/pulp/pulp-os/kernel/pulpos_emu.c:26
/home/cribace/gap_sdk/Matmul_gap8_cluster/BUILD/GAP8_V3/GCC_RISCV_PULPOS/test:1c002614 0000002c t SetFllMultDivFactors
/home/cribace/gap_sdk/Matmul_gap8_cluster/BUILD/GAP8_V3/GCC_RISCV_PULPOS/test:1c001fba 0000002e T rt_alloc
/home/cribace/gap_sdk/Matmul_gap8_cluster/BUILD/GAP8_V3/GCC_RISCV_PULPOS/test:1c002416 0000002e T __rt_periph_get_event	/home/cribace/gap_sdk/gap8/rtos/pulp/pulp-os/kernel/periph-v2.c:219
/home/cribace/gap_sdk/Matmul_gap8_cluster/BUILD/GAP8_V3/GCC_RISCV_PULPOS/test:1c002e08 00000030 T pi_cluster_close	/home/cribace/gap_sdk/gap8/rtos/pulp/pulp-os/kernel/cluster.c:370
/home/cribace/gap_sdk/Matmul_gap8_cluster/BUILD/GAP8_V3/GCC_RISCV_PULPOS/test:1c00199e 00000030 T __rt_cbsys_exec	/home/cribace/gap_sdk/gap8/rtos/pulp/pulp-os/kernel/utils.c:71
/home/cribace/gap_sdk/Matmul_gap8_cluster/BUILD/GAP8_V3/GCC_RISCV_PULPOS/test:1c0019f0 00000032 T __rt_fc_lock	/home/cribace/gap_sdk/gap8/rtos/pulp/pulp-os/kernel/utils.c:92
/home/cribace/gap_sdk/Matmul_gap8_cluster/BUILD/GAP8_V3/GCC_RISCV_PULPOS/test:1c00388c 00000032 t __rt_putc_host_cluster_req	/home/cribace/gap_sdk/gap8/rtos/pulp/pulp-os/libs/io/io.c:451
/home/cribace/gap_sdk/Matmul_gap8_cluster/BUILD/GAP8_V3/GCC_RISCV_PULPOS/test:00000358 00000034 D dev_rtc	/home/cribace/gap_sdk/gap8/rtos/pulp/pulp-os/drivers_deprecated/dolphin/rtc.c:24
/home/cribace/gap_sdk/Matmul_gap8_cluster/BUILD/GAP8_V3/GCC_RISCV_PULPOS/test:1c003ea6 00000034 t _get_digit	/home/cribace/gap_sdk/gap8/rtos/pulp/pulp-os/libs/io/prf.c:167
/home/cribace/gap_sdk/Matmul_gap8_cluster/BUILD/GAP8_V3/GCC_RISCV_PULPOS/test:1c001d06 00000034 T __rt_bridge_init	/home/cribace/gap_sdk/gap8/rtos/pulp/pulp-os/kernel/bridge.c:851
/home/cribace/gap_sdk/Matmul_gap8_cluster/BUILD/GAP8_V3/GCC_RISCV_PULPOS/test:1c001a22 00000034 T __rt_fc_unlock	/home/cribace/gap_sdk/gap8/rtos/pulp/pulp-os/kernel/utils.c:127
/home/cribace/gap_sdk/Matmul_gap8_cluster/BUILD/GAP8_V3/GCC_RISCV_PULPOS/test:1c0035fe 00000034 t __rt_i2s_resume	/home/cribace/gap_sdk/gap8/rtos/pulp/pulp-os/drivers_deprecated/i2s/i2s-v1.c:186
/home/cribace/gap_sdk/Matmul_gap8_cluster/BUILD/GAP8_V3/GCC_RISCV_PULPOS/test:1c004bb2 00000034 T rt_uart_cluster_write	/home/cribace/gap_sdk/gap8/rtos/pulp/pulp-os/drivers_deprecated/uart/uart.c:277
/home/cribace/gap_sdk/Matmul_gap8_cluster/BUILD/GAP8_V3/GCC_RISCV_PULPOS/test:1c001a8e 00000036 T __rt_fc_cluster_unlock	/home/cribace/gap_sdk/gap8/rtos/pulp/pulp-os/kernel/utils.c:199
/home/cribace/gap_sdk/Matmul_gap8_cluster/BUILD/GAP8_V3/GCC_RISCV_PULPOS/test:1c001a56 00000038 T __rt_fc_cluster_lock	/home/cribace/gap_sdk/gap8/rtos/pulp/pulp-os/kernel/utils.c:189
/home/cribace/gap_sdk/Matmul_gap8_cluster/BUILD/GAP8_V3/GCC_RISCV_PULPOS/test:1c003b36 00000038 T __rt_putc_uart	/home/cribace/gap_sdk/gap8/rtos/pulp/pulp-os/libs/io/io.c:412
/home/cribace/gap_sdk/Matmul_gap8_cluster/BUILD/GAP8_V3/GCC_RISCV_PULPOS/test:1c001c5e 0000003a T __rt_bridge_printf_flush
/home/cribace/gap_sdk/Matmul_gap8_cluster/BUILD/GAP8_V3/GCC_RISCV_PULPOS/test:1c002ea8 0000003c T __rt_cluster_new	/home/cribace/gap_sdk/gap8/rtos/pulp/pulp-os/kernel/cluster.c:445
/home/cribace/gap_sdk/Matmul_gap8_cluster/BUILD/GAP8_V3/GCC_RISCV_PULPOS/test:1c002ee4 0000003c t __rt_cluster_pulpos_emu_init	/home/cribace/gap_sdk/gap8/rtos/pulp/pulp-os/kernel/pulpos_emu.c:29
/home/cribace/gap_sdk/Matmul_gap8_cluster/BUILD/GAP8_V3/GCC_RISCV_PULPOS/test:1c001960 0000003e T __rt_cbsys_add	/home/cribace/gap_sdk/gap8/rtos/pulp/pulp-os/kernel/utils.c:57
/home/cribace/gap_sdk/Matmul_gap8_cluster/BUILD/GAP8_V3/GCC_RISCV_PULPOS/test:1c002542 0000003e T __rt_freq_init	/home/cribace/gap_sdk/gap8/rtos/pulp/pulp-os/kernel/gap/freq.c:62
/home/cribace/gap_sdk/Matmul_gap8_cluster/BUILD/GAP8_V3/GCC_RISCV_PULPOS/test:1c002a3e 00000040 T InitFlls	/home/cribace/gap_sdk/gap8/rtos/pulp/pulp-os/kernel/gap/pmu_driver.c:858
/home/cribace/gap_sdk/Matmul_gap8_cluster/BUILD/GAP8_V3/GCC_RISCV_PULPOS/test:1c003762 00000040 t __rt_do_putc_host	/home/cribace/gap_sdk/gap8/rtos/pulp/pulp-os/libs/io/io.c:430
/home/cribace/gap_sdk/Matmul_gap8_cluster/BUILD/GAP8_V3/GCC_RISCV_PULPOS/test:1c004a66 00000042 t __rt_uart_cluster_req	/home/cribace/gap_sdk/gap8/rtos/pulp/pulp-os/drivers_deprecated/uart/uart.c:266
/home/cribace/gap_sdk/Matmul_gap8_cluster/BUILD/GAP8_V3/GCC_RISCV_PULPOS/test:1c0049fa 00000042 t __rt_uart_wait_tx_done.isra.6	/home/cribace/gap_sdk/gap8/rtos/pulp/pulp-os/drivers_deprecated/uart/uart.c:222
/home/cribace/gap_sdk/Matmul_gap8_cluster/BUILD/GAP8_V3/GCC_RISCV_PULPOS/test:1c003e62 00000044 t _ldiv5	/home/cribace/gap_sdk/gap8/rtos/pulp/pulp-os/libs/io/prf.c:143
/home/cribace/gap_sdk/Matmul_gap8_cluster/BUILD/GAP8_V3/GCC_RISCV_PULPOS/test:1c00320a 00000044 t __pi_hyper_copy_exec
/home/cribace/gap_sdk/Matmul_gap8_cluster/BUILD/GAP8_V3/GCC_RISCV_PULPOS/test:1c001b00 00000046 t __rt_bridge_wait
/home/cribace/gap_sdk/Matmul_gap8_cluster/BUILD/GAP8_V3/GCC_RISCV_PULPOS/test:1c003100 00000048 T pi_cluster_send_task_to_cl	/home/cribace/gap_sdk/gap8/rtos/pulp/pulp-os/kernel/cluster_call.c:149
/home/cribace/gap_sdk/Matmul_gap8_cluster/BUILD/GAP8_V3/GCC_RISCV_PULPOS/test:1c001f26 00000048 T rt_user_alloc	/home/cribace/gap_sdk/gap8/rtos/pulp/pulp-os/kernel/alloc.c:207
/home/cribace/gap_sdk/Matmul_gap8_cluster/BUILD/GAP8_V3/GCC_RISCV_PULPOS/test:1c001bb8 0000004a T __rt_bridge_check_connection
/home/cribace/gap_sdk/Matmul_gap8_cluster/BUILD/GAP8_V3/GCC_RISCV_PULPOS/test:1c0024f8 0000004a T rt_freq_set_and_get	/home/cribace/gap_sdk/gap8/rtos/pulp/pulp-os/kernel/gap/freq.c:30
/home/cribace/gap_sdk/Matmul_gap8_cluster/BUILD/GAP8_V3/GCC_RISCV_PULPOS/test:1c0017f4 0000004c T rt_irq_set_handler	/home/cribace/gap_sdk/gap8/rtos/pulp/pulp-os/kernel/irq.c:61
/home/cribace/gap_sdk/Matmul_gap8_cluster/BUILD/GAP8_V3/GCC_RISCV_PULPOS/test:1c004b66 0000004c T rt_uart_close	/home/cribace/gap_sdk/gap8/rtos/pulp/pulp-os/drivers_deprecated/uart/uart.c:228
/home/cribace/gap_sdk/Matmul_gap8_cluster/BUILD/GAP8_V3/GCC_RISCV_PULPOS/test:1c001f6e 0000004c T rt_user_free	/home/cribace/gap_sdk/gap8/rtos/pulp/pulp-os/kernel/alloc.c:291
/home/cribace/gap_sdk/Matmul_gap8_cluster/BUILD/GAP8_V3/GCC_RISCV_PULPOS/test:1c00324e 00000050 t exec_pending_task	/home/cribace/gap_sdk/gap8/rtos/pulp/pulp-os/drivers/hyper/hyperram-v1.c:867
/home/cribace/gap_sdk/Matmul_gap8_cluster/BUILD/GAP8_V3/GCC_RISCV_PULPOS/test:1c001842 00000050 T __rt_handle_illegal_instr	/home/cribace/gap_sdk/gap8/rtos/pulp/pulp-os/kernel/irq.c:94
/home/cribace/gap_sdk/Matmul_gap8_cluster/BUILD/GAP8_V3/GCC_RISCV_PULPOS/test:1c003528 00000050 t __rt_hyper_init	/home/cribace/gap_sdk/gap8/rtos/pulp/pulp-os/drivers/hyper/hyperram-v1.c:995
/home/cribace/gap_sdk/Matmul_gap8_cluster/BUILD/GAP8_V3/GCC_RISCV_PULPOS/test:1c003686 00000050 T __rt_i2s_init	/home/cribace/gap_sdk/gap8/rtos/pulp/pulp-os/drivers_deprecated/i2s/i2s-v1.c:268
/home/cribace/gap_sdk/Matmul_gap8_cluster/BUILD/GAP8_V3/GCC_RISCV_PULPOS/test:1c003712 00000050 t __rt_io_uart_wait_req	/home/cribace/gap_sdk/gap8/rtos/pulp/pulp-os/libs/io/io.c:315
/home/cribace/gap_sdk/Matmul_gap8_cluster/BUILD/GAP8_V3/GCC_RISCV_PULPOS/test:1c001892 00000052 T __rt_irq_init	/home/cribace/gap_sdk/gap8/rtos/pulp/pulp-os/kernel/irq.c:103
/home/cribace/gap_sdk/Matmul_gap8_cluster/BUILD/GAP8_V3/GCC_RISCV_PULPOS/test:1c002fb0 00000056 T rt_cluster_mount	/home/cribace/gap_sdk/gap8/rtos/pulp/pulp-os/kernel/pulpos_emu.c:68
/home/cribace/gap_sdk/Matmul_gap8_cluster/BUILD/GAP8_V3/GCC_RISCV_PULPOS/test:1c002444 00000056 T __rt_periph_wait_event	/home/cribace/gap_sdk/gap8/rtos/pulp/pulp-os/kernel/periph-v2.c:237
/home/cribace/gap_sdk/Matmul_gap8_cluster/BUILD/GAP8_V3/GCC_RISCV_PULPOS/test:1c0031b2 00000058 T __pi_hyper_copy_aligned	/home/cribace/gap_sdk/gap8/rtos/pulp/pulp-os/drivers/hyper/hyperram-v1.c:480
/home/cribace/gap_sdk/Matmul_gap8_cluster/BUILD/GAP8_V3/GCC_RISCV_PULPOS/test:1c0037a2 0000005a t __rt_io_start	/home/cribace/gap_sdk/gap8/rtos/pulp/pulp-os/libs/io/io.c:746
/home/cribace/gap_sdk/Matmul_gap8_cluster/BUILD/GAP8_V3/GCC_RISCV_PULPOS/test:1c004be6 0000005c T __rt_uart_init	/home/cribace/gap_sdk/gap8/rtos/pulp/pulp-os/drivers_deprecated/uart/uart.c:292
/home/cribace/gap_sdk/Matmul_gap8_cluster/BUILD/GAP8_V3/GCC_RISCV_PULPOS/test:1c00249a 0000005e T __rt_periph_init	/home/cribace/gap_sdk/gap8/rtos/pulp/pulp-os/kernel/periph-v2.c:276
/home/cribace/gap_sdk/Matmul_gap8_cluster/BUILD/GAP8_V3/GCC_RISCV_PULPOS/test:1c003ad8 0000005e T __rt_putc_debug_bridge	/home/cribace/gap_sdk/gap8/rtos/pulp/pulp-os/libs/io/io.c:288
/home/cribace/gap_sdk/Matmul_gap8_cluster/BUILD/GAP8_V3/GCC_RISCV_PULPOS/test:1c002b44 00000062 t __rt_init_cluster_data	/home/cribace/gap_sdk/gap8/rtos/pulp/pulp-os/kernel/cluster.c:72
/home/cribace/gap_sdk/Matmul_gap8_cluster/BUILD/GAP8_V3/GCC_RISCV_PULPOS/test:1c002ba6 00000064 t __rt_cluster_init	/home/cribace/gap_sdk/gap8/rtos/pulp/pulp-os/kernel/cluster.c:382
/home/cribace/gap_sdk/Matmul_gap8_cluster/BUILD/GAP8_V3/GCC_RISCV_PULPOS/test:1c001e4e 00000064 T __rt_event_execute	/home/cribace/gap_sdk/gap8/rtos/pulp/pulp-os/kernel/events.c:189
/home/cribace/gap_sdk/Matmul_gap8_cluster/BUILD/GAP8_V3/GCC_RISCV_PULPOS/test:1c002032 0000006a T __rt_allocs_init	/home/cribace/gap_sdk/gap8/rtos/pulp/pulp-os/kernel/alloc.c:465
/home/cribace/gap_sdk/Matmul_gap8_cluster/BUILD/GAP8_V3/GCC_RISCV_PULPOS/test:1c001c98 0000006e T __rt_bridge_req_shutdown	/home/cribace/gap_sdk/gap8/rtos/pulp/pulp-os/kernel/bridge.c:774
/home/cribace/gap_sdk/Matmul_gap8_cluster/BUILD/GAP8_V3/GCC_RISCV_PULPOS/test:1c002e38 00000070 T __rt_cluster_push_fc_event	/home/cribace/gap_sdk/gap8/rtos/pulp/pulp-os/kernel/cluster.c:413
/home/cribace/gap_sdk/Matmul_gap8_cluster/BUILD/GAP8_V3/GCC_RISCV_PULPOS/test:1c00381c 00000070 t __rt_io_lock
/home/cribace/gap_sdk/Matmul_gap8_cluster/BUILD/GAP8_V3/GCC_RISCV_PULPOS/test:1c0038be 00000070 t __rt_io_unlock
/home/cribace/gap_sdk/Matmul_gap8_cluster/BUILD/GAP8_V3/GCC_RISCV_PULPOS/test:1c001b46 00000072 T __rt_bridge_handle_notif	/home/cribace/gap_sdk/gap8/rtos/pulp/pulp-os/kernel/bridge.c:644
/home/cribace/gap_sdk/Matmul_gap8_cluster/BUILD/GAP8_V3/GCC_RISCV_PULPOS/test:1c003cfa 00000072 T __rt_io_init	/home/cribace/gap_sdk/gap8/rtos/pulp/pulp-os/libs/io/io.c:800
/home/cribace/gap_sdk/Matmul_gap8_cluster/BUILD/GAP8_V3/GCC_RISCV_PULPOS/test:1c003c7e 00000074 T exit	/home/cribace/gap_sdk/gap8/rtos/pulp/pulp-os/libs/io/io.c:690
/home/cribace/gap_sdk/Matmul_gap8_cluster/BUILD/GAP8_V3/GCC_RISCV_PULPOS/test:1c001d7a 00000074 T rt_event_alloc	/home/cribace/gap_sdk/gap8/rtos/pulp/pulp-os/kernel/events.c:52
/home/cribace/gap_sdk/Matmul_gap8_cluster/BUILD/GAP8_V3/GCC_RISCV_PULPOS/test:1c0020d0 0000007a T rt_event_push_delayed	/home/cribace/gap_sdk/gap8/rtos/pulp/pulp-os/kernel/time.c:59
/home/cribace/gap_sdk/Matmul_gap8_cluster/BUILD/GAP8_V3/GCC_RISCV_PULPOS/test:1c0018e4 0000007c t __rt_fc_cluster_lock_req	/home/cribace/gap_sdk/gap8/rtos/pulp/pulp-os/kernel/utils.c:142
/home/cribace/gap_sdk/Matmul_gap8_cluster/BUILD/GAP8_V3/GCC_RISCV_PULPOS/test:1c0055c4 00000080 b __pi_hyper_temp_buffer	/home/cribace/gap_sdk/gap8/rtos/pulp/pulp-os/drivers/hyper/hyperram-v1.c:160
/home/cribace/gap_sdk/Matmul_gap8_cluster/BUILD/GAP8_V3/GCC_RISCV_PULPOS/test:1c0056dc 00000080 b __rt_io_event	/home/cribace/gap_sdk/gap8/rtos/pulp/pulp-os/libs/io/io.c:39
/home/cribace/gap_sdk/Matmul_gap8_cluster/BUILD/GAP8_V3/GCC_RISCV_PULPOS/test:1c005518 00000080 d __rt_putc_host_buffer	/home/cribace/gap_sdk/gap8/rtos/pulp/pulp-os/libs/io/io.c:47
/home/cribace/gap_sdk/Matmul_gap8_cluster/BUILD/GAP8_V3/GCC_RISCV_PULPOS/test:1c003578 00000086 T __pi_gpio_handler	/home/cribace/gap_sdk/gap8/rtos/pulp/pulp-os/drivers/gpio/gpio-v2.c:54
/home/cribace/gap_sdk/Matmul_gap8_cluster/BUILD/GAP8_V3/GCC_RISCV_PULPOS/test:1c000f28 00000088 T __extendsfdf2	/home/yao/tools/riscv-gnu-toolchain/riscv-gcc/libgcc/soft-fp/extendsfdf2.c:37
/home/cribace/gap_sdk/Matmul_gap8_cluster/BUILD/GAP8_V3/GCC_RISCV_PULPOS/test:1c004ade 00000088 T __rt_uart_open	/home/cribace/gap_sdk/gap8/rtos/pulp/pulp-os/drivers_deprecated/uart/uart.c:151
/home/cribace/gap_sdk/Matmul_gap8_cluster/BUILD/GAP8_V3/GCC_RISCV_PULPOS/test:1c0039fc 0000008c t __rt_io_uart_wait_pending	/home/cribace/gap_sdk/gap8/rtos/pulp/pulp-os/libs/io/io.c:332
/home/cribace/gap_sdk/Matmul_gap8_cluster/BUILD/GAP8_V3/GCC_RISCV_PULPOS/test:1c002666 0000008c T __rt_pmu_cluster_power_down	/home/cribace/gap_sdk/gap8/rtos/pulp/pulp-os/kernel/gap/pmu_driver.c:205
/home/cribace/gap_sdk/Matmul_gap8_cluster/BUILD/GAP8_V3/GCC_RISCV_PULPOS/test:1c002168 0000008c T __rt_time_init	/home/cribace/gap_sdk/gap8/rtos/pulp/pulp-os/kernel/time.c:136
/home/cribace/gap_sdk/Matmul_gap8_cluster/BUILD/GAP8_V3/GCC_RISCV_PULPOS/test:1c000e98 00000090 T __floatunsisf	/home/yao/tools/riscv-gnu-toolchain/riscv-gcc/libgcc/soft-fp/floatunsisf.c:35
/home/cribace/gap_sdk/Matmul_gap8_cluster/BUILD/GAP8_V3/GCC_RISCV_PULPOS/test:1c002f20 00000090 T rt_cluster_call	/home/cribace/gap_sdk/gap8/rtos/pulp/pulp-os/kernel/pulpos_emu.c:40
/home/cribace/gap_sdk/Matmul_gap8_cluster/BUILD/GAP8_V3/GCC_RISCV_PULPOS/test:1c003db0 00000092 t _to_x	/home/cribace/gap_sdk/gap8/rtos/pulp/pulp-os/libs/io/prf.c:44
/home/cribace/gap_sdk/Matmul_gap8_cluster/BUILD/GAP8_V3/GCC_RISCV_PULPOS/test:1c002580 00000094 t PMU_Control_Maestro.part.0	/home/cribace/gap_sdk/gap8/rtos/pulp/pulp-os/kernel/gap/pmu_driver.c:528
/home/cribace/gap_sdk/Matmul_gap8_cluster/BUILD/GAP8_V3/GCC_RISCV_PULPOS/test:1c005644 00000098 b __rt_gpio	/home/cribace/gap_sdk/gap8/rtos/pulp/pulp-os/drivers/gpio/gpio-v2.c:34
/home/cribace/gap_sdk/Matmul_gap8_cluster/BUILD/GAP8_V3/GCC_RISCV_PULPOS/test:1c0028d4 000000a2 T InitOneFll	/home/cribace/gap_sdk/gap8/rtos/pulp/pulp-os/kernel/gap/pmu_driver.c:771
/home/cribace/gap_sdk/Matmul_gap8_cluster/BUILD/GAP8_V3/GCC_RISCV_PULPOS/test:1c003b6e 000000a8 t tfp_putc.isra.9	/home/cribace/gap_sdk/gap8/rtos/pulp/pulp-os/libs/io/io.c:795
/home/cribace/gap_sdk/Matmul_gap8_cluster/BUILD/GAP8_V3/GCC_RISCV_PULPOS/test:1c002a7e 000000ac T __rt_pmu_init	/home/cribace/gap_sdk/gap8/rtos/pulp/pulp-os/kernel/gap/pmu_driver.c:472
/home/cribace/gap_sdk/Matmul_gap8_cluster/BUILD/GAP8_V3/GCC_RISCV_PULPOS/test:1c005410 000000c0 D __hal_debug_struct
/home/cribace/gap_sdk/Matmul_gap8_cluster/BUILD/GAP8_V3/GCC_RISCV_PULPOS/test:1c0011d4 000000c0 T matmul
/home/cribace/gap_sdk/Matmul_gap8_cluster/BUILD/GAP8_V3/GCC_RISCV_PULPOS/test:1c002976 000000c8 T __rt_pmu_cluster_power_up
/home/cribace/gap_sdk/Matmul_gap8_cluster/BUILD/GAP8_V3/GCC_RISCV_PULPOS/test:1c00392e 000000ce t __rt_io_uart_flush.constprop.11	/home/cribace/gap_sdk/gap8/rtos/pulp/pulp-os/libs/io/io.c:795
/home/cribace/gap_sdk/Matmul_gap8_cluster/BUILD/GAP8_V3/GCC_RISCV_PULPOS/test:1c002d34 000000d4 T pi_cluster_open	/home/cribace/gap_sdk/gap8/rtos/pulp/pulp-os/kernel/cluster.c:343
/home/cribace/gap_sdk/Matmul_gap8_cluster/BUILD/GAP8_V3/GCC_RISCV_PULPOS/test:1c0027f6 000000de T SetFllFrequency
/home/cribace/gap_sdk/Matmul_gap8_cluster/BUILD/GAP8_V3/GCC_RISCV_PULPOS/test:1c0021f4 000000f2 T __rt_timer_handler	/home/cribace/gap_sdk/gap8/rtos/pulp/pulp-os/kernel/time_irq.c:30
/home/cribace/gap_sdk/Matmul_gap8_cluster/BUILD/GAP8_V3/GCC_RISCV_PULPOS/test:1c003006 000000fa T pi_cluster_send_task_to_cl_async	/home/cribace/gap_sdk/gap8/rtos/pulp/pulp-os/kernel/cluster_call.c:65
/home/cribace/gap_sdk/Matmul_gap8_cluster/BUILD/GAP8_V3/GCC_RISCV_PULPOS/test:1c0026f2 000000fe T PMU_set_voltage
/home/cribace/gap_sdk/Matmul_gap8_cluster/BUILD/GAP8_V3/GCC_RISCV_PULPOS/test:1c004ed4 00000100 R __clz_tab
/home/cribace/gap_sdk/Matmul_gap8_cluster/BUILD/GAP8_V3/GCC_RISCV_PULPOS/test:1c001526 00000104 T fc_main
/home/cribace/gap_sdk/Matmul_gap8_cluster/BUILD/GAP8_V3/GCC_RISCV_PULPOS/test:1c002c0a 00000124 t __rt_cluster_mount_step	/home/cribace/gap_sdk/gap8/rtos/pulp/pulp-os/kernel/cluster.c:221
/home/cribace/gap_sdk/Matmul_gap8_cluster/BUILD/GAP8_V3/GCC_RISCV_PULPOS/test:1c0022e6 00000130 T rt_periph_copy	/home/cribace/gap_sdk/gap8/rtos/pulp/pulp-os/kernel/periph-v2.c:58
/home/cribace/gap_sdk/Matmul_gap8_cluster/BUILD/GAP8_V3/GCC_RISCV_PULPOS/test:1c001662 00000166 T __rt_init	/home/cribace/gap_sdk/gap8/rtos/pulp/pulp-os/kernel/init.c:74
/home/cribace/gap_sdk/Matmul_gap8_cluster/BUILD/GAP8_V3/GCC_RISCV_PULPOS/test:1c000c9a 000001fe T __divsf3	/home/yao/tools/riscv-gnu-toolchain/riscv-gcc/libgcc/soft-fp/divsf3.c:35
/home/cribace/gap_sdk/Matmul_gap8_cluster/BUILD/GAP8_V3/GCC_RISCV_PULPOS/test:1c000fb0 00000224 T matmul_sdotp
/home/cribace/gap_sdk/Matmul_gap8_cluster/BUILD/GAP8_V3/GCC_RISCV_PULPOS/test:00000030 00000280 D periph_channels
/home/cribace/gap_sdk/Matmul_gap8_cluster/BUILD/GAP8_V3/GCC_RISCV_PULPOS/test:1c00329e 00000282 t __pi_hyper_copy_misaligned	/home/cribace/gap_sdk/gap8/rtos/pulp/pulp-os/drivers/hyper/hyperram-v1.c:806
/home/cribace/gap_sdk/Matmul_gap8_cluster/BUILD/GAP8_V3/GCC_RISCV_PULPOS/test:1c001294 00000292 T cluster_delegate
/home/cribace/gap_sdk/Matmul_gap8_cluster/BUILD/GAP8_V3/GCC_RISCV_PULPOS/test:1c00096c 0000032e T __umoddi3	/home/yao/tools/riscv-gnu-toolchain/riscv-gcc/libgcc/libgcc2.c:1305
/home/cribace/gap_sdk/Matmul_gap8_cluster/BUILD/GAP8_V3/GCC_RISCV_PULPOS/test:1c000630 0000033c T __udivdi3	/home/yao/tools/riscv-gnu-toolchain/riscv-gcc/libgcc/libgcc2.c:1317
/home/cribace/gap_sdk/Matmul_gap8_cluster/BUILD/GAP8_V3/GCC_RISCV_PULPOS/test:1b000398 00000800 D __rt_fc_stack
/home/cribace/gap_sdk/Matmul_gap8_cluster/BUILD/GAP8_V3/GCC_RISCV_PULPOS/test:1c003eda 00000ab6 T _prf	/home/cribace/gap_sdk/gap8/rtos/pulp/pulp-os/libs/io/prf.c:437
